Assuming unrestricted shared filesystem usage.
host: aacb6323df15
Building DAG of jobs...
Using shell: /usr/bin/bash
Provided cores: 1 (use --cores to define parallelism)
Rules claiming more threads will be scaled down.
Job stats:
job                      count
---------------------  -------
preprocess_input_data        1
total                        1

Select jobs to execute...
Execute 1 jobs...
[Sat Dec 20 15:23:47 2025]
localrule preprocess_input_data:
    input: original_input/all_human_miRNA_rpmm_harmonized_meta_data.h5ad, original_input/human_combined.tsv
    output: test_output/all_human_miRNA_rpmm_harmonized_cleaned.h5ad
    jobid: 0
    reason: Missing output files: test_output/all_human_miRNA_rpmm_harmonized_cleaned.h5ad
    resources: tmpdir=/tmp
[Sat Dec 20 15:23:49 2025]
Finished jobid: 0 (Rule: preprocess_input_data)
1 of 1 steps (100%) done
Complete log(s): /usr/local/app/.snakemake/log/2025-12-20T152347.488353.snakemake.log
