Assuming unrestricted shared filesystem usage.
host: 4488fe5b154d
Building DAG of jobs...
Using shell: /usr/bin/bash
Provided cores: 2
Rules claiming more threads will be scaled down.
Job stats:
job                   count
------------------  -------
all                       1
produce_blood_data        1
total                     2

Select jobs to execute...
Execute 1 jobs...
[Sun Dec 21 12:57:09 2025]
localrule produce_blood_data:
    input: test_output/all_human_miRNA_rpmm_harmonized_cleaned.h5ad
    output: test_output/all_human_miRNA_rpmm_harmonized_cleaned_blood.h5ad, test_output/all_human_miRNA_rpmm_harmonized_cleaned_blood_healthy.h5ad, test_output/blood_metadata_tissueatlas.csv, test_output/blood_metadata_tissueatlas_healthy.csv
    jobid: 2
    reason: Missing output files: test_output/all_human_miRNA_rpmm_harmonized_cleaned_blood.h5ad, test_output/all_human_miRNA_rpmm_harmonized_cleaned_blood_healthy.h5ad, test_output/blood_metadata_tissueatlas_healthy.csv, test_output/blood_metadata_tissueatlas.csv
    resources: tmpdir=/tmp
RuleException:
CalledProcessError in file "/usr/local/app/Snakefile", line 29:
Command 'set -euo pipefail;  /usr/local/bin/python3.12 /usr/local/app/.snakemake/scripts/tmpamziw14s.filter_cleaned_h5ads.py' returned non-zero exit status 1.
[Sun Dec 21 12:57:10 2025]
Error in rule produce_blood_data:
    message: None
    jobid: 2
    input: test_output/all_human_miRNA_rpmm_harmonized_cleaned.h5ad
    output: test_output/all_human_miRNA_rpmm_harmonized_cleaned_blood.h5ad, test_output/all_human_miRNA_rpmm_harmonized_cleaned_blood_healthy.h5ad, test_output/blood_metadata_tissueatlas.csv, test_output/blood_metadata_tissueatlas_healthy.csv
Shutting down, this might take some time.
Exiting because a job execution failed. Look below for error messages
[Sun Dec 21 12:57:10 2025]
Error in rule produce_blood_data:
    message: None
    jobid: 2
    input: test_output/all_human_miRNA_rpmm_harmonized_cleaned.h5ad
    output: test_output/all_human_miRNA_rpmm_harmonized_cleaned_blood.h5ad, test_output/all_human_miRNA_rpmm_harmonized_cleaned_blood_healthy.h5ad, test_output/blood_metadata_tissueatlas.csv, test_output/blood_metadata_tissueatlas_healthy.csv
Complete log(s): /usr/local/app/.snakemake/log/2025-12-21T125709.115879.snakemake.log
WorkflowError:
At least one job did not complete successfully.
