Assuming unrestricted shared filesystem usage.
host: aacb6323df15
Building DAG of jobs...
Using shell: /usr/bin/bash
Provided cores: 1 (use --cores to define parallelism)
Rules claiming more threads will be scaled down.
Job stats:
job                      count
---------------------  -------
preprocess_input_data        1
total                        1

Select jobs to execute...
Execute 1 jobs...
[Sat Dec 20 15:18:11 2025]
localrule preprocess_input_data:
    input: src/process_input_data.py
    output: test_output/all_human_miRNA_rpmm_harmonized_cleaned.h5ad
    jobid: 0
    reason: Missing output files: test_output/all_human_miRNA_rpmm_harmonized_cleaned.h5ad
    resources: tmpdir=/tmp
RuleException:
CalledProcessError in file "/usr/local/app/Snakefile", line 11:
Command 'set -euo pipefail;  src/process_input_data.py' returned non-zero exit status 126.
[Sat Dec 20 15:18:11 2025]
Error in rule preprocess_input_data:
    message: None
    jobid: 0
    input: src/process_input_data.py
    output: test_output/all_human_miRNA_rpmm_harmonized_cleaned.h5ad
    shell:
        src/process_input_data.py
        (command exited with non-zero exit code)
Shutting down, this might take some time.
Exiting because a job execution failed. Look below for error messages
[Sat Dec 20 15:18:11 2025]
Error in rule preprocess_input_data:
    message: None
    jobid: 0
    input: src/process_input_data.py
    output: test_output/all_human_miRNA_rpmm_harmonized_cleaned.h5ad
    shell:
        src/process_input_data.py
        (command exited with non-zero exit code)
Complete log(s): /usr/local/app/.snakemake/log/2025-12-20T151811.592602.snakemake.log
WorkflowError:
At least one job did not complete successfully.
