Assuming unrestricted shared filesystem usage.
host: aacb6323df15
Building DAG of jobs...
Using shell: /usr/bin/bash
Provided cores: 1 (use --cores to define parallelism)
Rules claiming more threads will be scaled down.
Job stats:
job                      count
---------------------  -------
preprocess_input_data        1
total                        1

Select jobs to execute...
Execute 1 jobs...
[Sat Dec 20 15:18:43 2025]
localrule preprocess_input_data:
    input: src/process_input_data.py
    output: test_output/all_human_miRNA_rpmm_harmonized_cleaned.h5ad
    jobid: 0
    reason: Missing output files: test_output/all_human_miRNA_rpmm_harmonized_cleaned.h5ad
    resources: tmpdir=/tmp
RuleException:
NameError in file "/usr/local/app/Snakefile", line 11:
The name 'input' is unknown in this context. Please make sure that you defined that variable. Also note that braces not used for variable access have to be escaped by repeating them, i.e. {{print $1}}
[Sat Dec 20 15:18:43 2025]
Error in rule preprocess_input_data:
    message: None
    jobid: 0
    input: src/process_input_data.py
    output: test_output/all_human_miRNA_rpmm_harmonized_cleaned.h5ad
Shutting down, this might take some time.
Exiting because a job execution failed. Look below for error messages
[Sat Dec 20 15:18:44 2025]
Error in rule preprocess_input_data:
    message: None
    jobid: 0
    input: src/process_input_data.py
    output: test_output/all_human_miRNA_rpmm_harmonized_cleaned.h5ad
Complete log(s): /usr/local/app/.snakemake/log/2025-12-20T151843.780697.snakemake.log
WorkflowError:
At least one job did not complete successfully.
