Assuming unrestricted shared filesystem usage.
host: 4488fe5b154d
Building DAG of jobs...
Using shell: /usr/bin/bash
Provided cores: 1 (use --cores to define parallelism)
Rules claiming more threads will be scaled down.
Job stats:
job                    count
-------------------  -------
clean_original_h5ad        1
total                      1

Select jobs to execute...
Execute 1 jobs...
[Sun Dec 21 12:52:19 2025]
localrule clean_original_h5ad:
    input: original_input/all_human_miRNA_rpmm_harmonized_meta_data.h5ad, original_input/human_combined.tsv
    output: test_output/all_human_miRNA_rpmm_harmonized_cleaned.h5ad
    jobid: 0
    reason: Missing output files: test_output/all_human_miRNA_rpmm_harmonized_cleaned.h5ad
    resources: tmpdir=/tmp
[Sun Dec 21 12:52:22 2025]
Finished jobid: 0 (Rule: clean_original_h5ad)
1 of 1 steps (100%) done
Complete log(s): /usr/local/app/.snakemake/log/2025-12-21T125219.913061.snakemake.log
