Assuming unrestricted shared filesystem usage.
host: aacb6323df15
Building DAG of jobs...
Using shell: /usr/bin/bash
Provided cores: 1 (use --cores to define parallelism)
Rules claiming more threads will be scaled down.
Job stats:
job                      count
---------------------  -------
preprocess_input_data        1
total                        1

Select jobs to execute...
Execute 1 jobs...
[Sat Dec 20 15:22:34 2025]
localrule preprocess_input_data:
    input: original_input/all_human_miRNA_rpmm_harmonized_meta_data.h5ad, original_input/human_combined.tsv
    output: test_output/all_human_miRNA_rpmm_harmonized_cleaned.h5ad
    jobid: 0
    reason: Missing output files: test_output/all_human_miRNA_rpmm_harmonized_cleaned.h5ad
    resources: tmpdir=/tmp
Waiting at most 5 seconds for missing files:
test_output/all_human_miRNA_rpmm_harmonized_cleaned.h5ad (missing locally)
MissingOutputException in rule preprocess_input_data in file "/usr/local/app/Snakefile", line 2:
Job 0 completed successfully, but some output files are missing. Missing files after 5 seconds. This might be due to filesystem latency. If that is the case, consider to increase the wait time with --latency-wait:
test_output/all_human_miRNA_rpmm_harmonized_cleaned.h5ad (missing locally, parent dir contents: )
Terminating processes on user request, this might take some time.
Complete log(s): /usr/local/app/.snakemake/log/2025-12-20T152234.175791.snakemake.log
WorkflowError:
At least one job did not complete successfully.
