Assuming unrestricted shared filesystem usage.
host: 4488fe5b154d
Building DAG of jobs...
Using shell: /usr/bin/bash
Provided cores: 2
Rules claiming more threads will be scaled down.
Job stats:
job                          count
-------------------------  -------
all                              1
visualize_rpmm_thresholds        1
total                            2

Select jobs to execute...
Execute 1 jobs...
[Sun Dec 21 14:32:08 2025]
localrule visualize_rpmm_thresholds:
    input: test_output/all_human_miRNA_rpmm_harmonized_cleaned_blood_healthy.h5ad
    output: new_figs/gene_expression_prevalence.svg
    jobid: 4
    reason: Missing output files: new_figs/gene_expression_prevalence.svg
    resources: tmpdir=/tmp
[Sun Dec 21 14:32:11 2025]
Finished jobid: 4 (Rule: visualize_rpmm_thresholds)
1 of 2 steps (50%) done
Select jobs to execute...
Execute 1 jobs...
[Sun Dec 21 14:32:11 2025]
localrule all:
    input: figures/umap_all_Tissue.svg, figures/umap_all_Project.svg, figures/umap_all_Sequencing_Method.svg, figures/umap_all_Age.svg, figures/umap_blood_Tissue.svg, figures/umap_blood_Project.svg, figures/umap_blood_Sequencing_Method.svg, figures/umap_blood_Age.svg, figures/umap_highlight_blood.svg, test_output/all_human_miRNA_rpmm_harmonized_cleaned.h5ad, test_output/all_human_miRNA_rpmm_harmonized_cleaned_blood.h5ad, test_output/all_human_miRNA_rpmm_harmonized_cleaned_blood_healthy.h5ad, test_output/blood_metadata_tissueatlas.csv, test_output/blood_metadata_tissueatlas_healthy.csv, new_figs/gene_expression_prevalence.svg
    jobid: 0
    reason: Input files updated by another job: new_figs/gene_expression_prevalence.svg
    resources: tmpdir=/tmp
[Sun Dec 21 14:32:11 2025]
Finished jobid: 0 (Rule: all)
2 of 2 steps (100%) done
Complete log(s): /usr/local/app/.snakemake/log/2025-12-21T143208.839220.snakemake.log
