Assuming unrestricted shared filesystem usage.
host: 54cba3a34e10
Building DAG of jobs...
Using shell: /usr/bin/bash
Provided cores: 1 (use --cores to define parallelism)
Rules claiming more threads will be scaled down.
Job stats:
job                    count
-------------------  -------
all                        1
produce_model_input        1
total                      2

Select jobs to execute...
Execute 1 jobs...
[Fri Dec 26 15:23:23 2025]
localrule produce_model_input:
    input: test_output/all_human_miRNA_rpmm_harmonized_cleaned_blood_healthy.h5ad, test_output/pass_threshold_mirnas.csv
    output: model_input_data/blood_healthy_age_scaled.csv
    jobid: 6
    reason: Code has changed since last execution
    resources: tmpdir=/tmp
RuleException:
CalledProcessError in file "/usr/local/app/Snakefile", line 94:
Command 'set -euo pipefail;  /usr/local/bin/python3.12 /usr/local/app/.snakemake/scripts/tmpr7av7atw.model_preprocessing.py' returned non-zero exit status 1.
[Fri Dec 26 15:23:25 2025]
Error in rule produce_model_input:
    message: None
    jobid: 6
    input: test_output/all_human_miRNA_rpmm_harmonized_cleaned_blood_healthy.h5ad, test_output/pass_threshold_mirnas.csv
    output: model_input_data/blood_healthy_age_scaled.csv
Shutting down, this might take some time.
Exiting because a job execution failed. Look below for error messages
[Fri Dec 26 15:23:25 2025]
Error in rule produce_model_input:
    message: None
    jobid: 6
    input: test_output/all_human_miRNA_rpmm_harmonized_cleaned_blood_healthy.h5ad, test_output/pass_threshold_mirnas.csv
    output: model_input_data/blood_healthy_age_scaled.csv
Complete log(s): /usr/local/app/.snakemake/log/2025-12-26T152323.545277.snakemake.log
WorkflowError:
At least one job did not complete successfully.
