Assuming unrestricted shared filesystem usage.
host: 4488fe5b154d
Building DAG of jobs...
Using shell: /usr/bin/bash
Provided cores: 2
Rules claiming more threads will be scaled down.
Job stats:
job                   count
------------------  -------
all                       1
produce_blood_data        1
total                     2

Select jobs to execute...
Execute 1 jobs...
[Sun Dec 21 12:58:00 2025]
localrule produce_blood_data:
    input: test_output/all_human_miRNA_rpmm_harmonized_cleaned.h5ad
    output: test_output/all_human_miRNA_rpmm_harmonized_cleaned_blood.h5ad, test_output/all_human_miRNA_rpmm_harmonized_cleaned_blood_healthy.h5ad, test_output/blood_metadata_tissueatlas.csv, test_output/blood_metadata_tissueatlas_healthy.csv
    jobid: 2
    reason: Missing output files: test_output/all_human_miRNA_rpmm_harmonized_cleaned_blood.h5ad, test_output/all_human_miRNA_rpmm_harmonized_cleaned_blood_healthy.h5ad, test_output/blood_metadata_tissueatlas.csv, test_output/blood_metadata_tissueatlas_healthy.csv
    resources: tmpdir=/tmp
[Sun Dec 21 12:58:02 2025]
Finished jobid: 2 (Rule: produce_blood_data)
1 of 2 steps (50%) done
Select jobs to execute...
Execute 1 jobs...
[Sun Dec 21 12:58:02 2025]
localrule all:
    input: test_output/all_human_miRNA_rpmm_harmonized_cleaned.h5ad, test_output/all_human_miRNA_rpmm_harmonized_cleaned_blood.h5ad, test_output/all_human_miRNA_rpmm_harmonized_cleaned_blood_healthy.h5ad, test_output/blood_metadata_tissueatlas.csv, test_output/blood_metadata_tissueatlas_healthy.csv
    jobid: 0
    reason: Input files updated by another job: test_output/all_human_miRNA_rpmm_harmonized_cleaned_blood_healthy.h5ad, test_output/all_human_miRNA_rpmm_harmonized_cleaned_blood.h5ad, test_output/blood_metadata_tissueatlas.csv, test_output/blood_metadata_tissueatlas_healthy.csv
    resources: tmpdir=/tmp
[Sun Dec 21 12:58:02 2025]
Finished jobid: 0 (Rule: all)
2 of 2 steps (100%) done
Complete log(s): /usr/local/app/.snakemake/log/2025-12-21T125800.927491.snakemake.log
