Assuming unrestricted shared filesystem usage.
host: 4488fe5b154d
Building DAG of jobs...
Using shell: /usr/bin/bash
Provided cores: 2
Rules claiming more threads will be scaled down.
Job stats:
job                      count
---------------------  -------
all                          1
create_age_histograms        1
total                        2

Select jobs to execute...
Execute 1 jobs...
[Mon Dec 22 20:04:16 2025]
localrule create_age_histograms:
    input: test_output/all_human_miRNA_rpmm_harmonized_cleaned.h5ad, test_output/all_human_miRNA_rpmm_harmonized_cleaned_blood.h5ad, test_output/all_human_miRNA_rpmm_harmonized_cleaned_blood_healthy.h5ad
    output: figures/All Diseases_Blood_age_histogram.svg, figures/All_All_age_histogram.svg, figures/All_Blood_age_histogram.svg, figures/Healthy_Blood_age_histogram.svg
    jobid: 4
    reason: Updated input files: test_output/all_human_miRNA_rpmm_harmonized_cleaned_blood_healthy.h5ad, test_output/all_human_miRNA_rpmm_harmonized_cleaned_blood.h5ad, test_output/all_human_miRNA_rpmm_harmonized_cleaned.h5ad
    resources: tmpdir=/tmp
[Mon Dec 22 20:04:18 2025]
Finished jobid: 4 (Rule: create_age_histograms)
1 of 2 steps (50%) done
Select jobs to execute...
Execute 1 jobs...
[Mon Dec 22 20:04:18 2025]
localrule all:
    input: figures/umap_all_Tissue.svg, figures/umap_all_Project.svg, figures/umap_all_Sequencing_Method.svg, figures/umap_all_Age.svg, figures/umap_blood_Tissue.svg, figures/umap_blood_Project.svg, figures/umap_blood_Sequencing_Method.svg, figures/umap_blood_Age.svg, figures/umap_highlight_blood.svg, figures/All Diseases_Blood_age_histogram.svg, figures/All_All_age_histogram.svg, figures/All_Blood_age_histogram.svg, figures/Healthy_Blood_age_histogram.svg, test_output/all_human_miRNA_rpmm_harmonized_cleaned.h5ad, test_output/all_human_miRNA_rpmm_harmonized_cleaned_blood.h5ad, test_output/all_human_miRNA_rpmm_harmonized_cleaned_blood_healthy.h5ad, test_output/blood_metadata_tissueatlas.csv, test_output/blood_metadata_tissueatlas_healthy.csv, new_figs/gene_expression_prevalence.svg
    jobid: 0
    reason: Input files updated by another job: figures/All Diseases_Blood_age_histogram.svg, figures/Healthy_Blood_age_histogram.svg, figures/All_All_age_histogram.svg, figures/All_Blood_age_histogram.svg
    resources: tmpdir=/tmp
[Mon Dec 22 20:04:18 2025]
Finished jobid: 0 (Rule: all)
2 of 2 steps (100%) done
Complete log(s): /usr/local/app/.snakemake/log/2025-12-22T200416.555893.snakemake.log
