Assuming unrestricted shared filesystem usage.
host: 54cba3a34e10
Building DAG of jobs...
Using shell: /usr/bin/bash
Provided cores: 1 (use --cores to define parallelism)
Rules claiming more threads will be scaled down.
Job stats:
job                  count
-----------------  -------
all                      1
create_mirna_list        1
total                    2

Select jobs to execute...
Execute 1 jobs...
[Thu Dec 25 13:10:24 2025]
localcheckpoint create_mirna_list:
    input: dataframes/mirblood_rpmm_with_tsi.csv
    output: dataframes/mirna_list.txt
    jobid: 4
    reason: Missing output files: dataframes/mirna_list.txt
    resources: tmpdir=/tmp
DAG of jobs will be updated after completion.
[Thu Dec 25 13:10:24 2025]
Finished jobid: 4 (Rule: create_mirna_list)
1 of 2 steps (50%) done
Updating checkpoint dependencies.
Select jobs to execute...
Execute 2 jobs...
[Thu Dec 25 13:10:24 2025]
localrule visualize_tissue_specific_miRNAs:
    input: dataframes/mirblood_metadata.csv, dataframes/filtered_mirblood_rpmm.csv
    output: plots/498_boxplot.svg
    jobid: 231
    reason: Missing output files: plots/498_boxplot.svg
    wildcards: mirna=498
    resources: tmpdir=/tmp
[Thu Dec 25 13:10:24 2025]
localrule visualize_tissue_specific_miRNAs:
    input: dataframes/mirblood_metadata.csv, dataframes/filtered_mirblood_rpmm.csv
    output: plots/118_boxplot.svg
    jobid: 52
    reason: Missing output files: plots/118_boxplot.svg
    wildcards: mirna=118
    resources: tmpdir=/tmp
Select jobs to execute...
RuleException:
CalledProcessError in file "/usr/local/app/deconvolution/Snakefile", line 58:
Command 'set -euo pipefail;  /usr/local/bin/python3.12 /usr/local/app/deconvolution/.snakemake/scripts/tmpczd1uljk.cell_type_specific_mirnas_vis.py' returned non-zero exit status 1.
[Thu Dec 25 13:10:25 2025]
Error in rule visualize_tissue_specific_miRNAs:
    message: None
    jobid: 52
    input: dataframes/mirblood_metadata.csv, dataframes/filtered_mirblood_rpmm.csv
    output: plots/118_boxplot.svg
RuleException:
CalledProcessError in file "/usr/local/app/deconvolution/Snakefile", line 58:
Command 'set -euo pipefail;  /usr/local/bin/python3.12 /usr/local/app/deconvolution/.snakemake/scripts/tmpzaq5faxh.cell_type_specific_mirnas_vis.py' returned non-zero exit status 1.
[Thu Dec 25 13:10:25 2025]
Error in rule visualize_tissue_specific_miRNAs:
    message: None
    jobid: 231
    input: dataframes/mirblood_metadata.csv, dataframes/filtered_mirblood_rpmm.csv
    output: plots/498_boxplot.svg
Shutting down, this might take some time.
Exiting because a job execution failed. Look below for error messages
[Thu Dec 25 13:10:25 2025]
Error in rule visualize_tissue_specific_miRNAs:
    message: None
    jobid: 52
    input: dataframes/mirblood_metadata.csv, dataframes/filtered_mirblood_rpmm.csv
    output: plots/118_boxplot.svg
[Thu Dec 25 13:10:25 2025]
Error in rule visualize_tissue_specific_miRNAs:
    message: None
    jobid: 231
    input: dataframes/mirblood_metadata.csv, dataframes/filtered_mirblood_rpmm.csv
    output: plots/498_boxplot.svg
Complete log(s): /usr/local/app/deconvolution/.snakemake/log/2025-12-25T131024.065847.snakemake.log
WorkflowError:
At least one job did not complete successfully.
