Assuming unrestricted shared filesystem usage.
host: f64cb67c892f
Building DAG of jobs...
Using shell: /usr/bin/bash
Provided cores: 2
Rules claiming more threads will be scaled down.
Job stats:
job                         count
------------------------  -------
all                             1
calculate_avg_expression        1
calculate_tsi                   1
filter_rpmm                     1
total                           4

Select jobs to execute...
Execute 1 jobs...
[Wed Dec 24 18:21:33 2025]
localrule filter_rpmm:
    input: dataframes/std_quantification_rpmm_norm_mirna.csv, dataframes/mirblood_metadata.csv
    output: dataframes/filtered_mirblood_rpmm.csv
    jobid: 1
    reason: Code has changed since last execution
    resources: tmpdir=/tmp
RuleException:
CalledProcessError in file "/usr/local/app/deconvolution/Snakefile", line 14:
Command 'set -euo pipefail;  /usr/local/bin/python3.12 /usr/local/app/deconvolution/.snakemake/scripts/tmpjbsep8a4.filter_rpmm.py' returned non-zero exit status 1.
[Wed Dec 24 18:21:34 2025]
Error in rule filter_rpmm:
    message: None
    jobid: 1
    input: dataframes/std_quantification_rpmm_norm_mirna.csv, dataframes/mirblood_metadata.csv
    output: dataframes/filtered_mirblood_rpmm.csv
Shutting down, this might take some time.
Exiting because a job execution failed. Look below for error messages
[Wed Dec 24 18:21:34 2025]
Error in rule filter_rpmm:
    message: None
    jobid: 1
    input: dataframes/std_quantification_rpmm_norm_mirna.csv, dataframes/mirblood_metadata.csv
    output: dataframes/filtered_mirblood_rpmm.csv
Complete log(s): /usr/local/app/deconvolution/.snakemake/log/2025-12-24T182133.672359.snakemake.log
WorkflowError:
At least one job did not complete successfully.
